node.exe : [baseline-
browser-mapping] The 
data in this module 
is over two months 
old.  To ensure 
accurate Baseline 
data, please update: 
`npm i baseline-brows
er-mapping@latest -D`
At line:1 char:1
+ & "C:\Program Files
\nodejs/node.exe" 
"C:\Program 
Files\nodejs/node_mo 
...
+ ~~~~~~~~~~~~~~~~~~~
~~~~~~~~~~~~~~~~~~~~~
~~~~~~~~~~~~~~~~~~~~~
~~~~~~~~
    + CategoryInfo   
           : NotSpe  
  cified: ([baseli   
 ne-brows...ping@    
latest -D`:Strin    
g) [], RemoteExc    
eption
    + FullyQualified 
   ErrorId : Native  
  CommandError
 
  console.log
    [dotenv@17.2.2] injecting env (13) from .env -- tip: ≡ƒöÉ prevent building .env in docker: https://dotenvx.com/prebuild

      at _log (node_modules/dotenv/lib/main.js:139:11)

  console.log
    [dotenv@17.2.2] injecting env (0) from .env -- tip: ΓÜÖ∩╕Å  load multiple .env files with { path: ['.env.local', '.env'] }

      at _log (node_modules/dotenv/lib/main.js:139:11)

  console.log
    [dotenv@17.2.2] injecting env (0) from .env -- tip: ΓÜÖ∩╕Å  enable debug logging with { debug: true }

      at _log (node_modules/dotenv/lib/main.js:139:11)

  console.log
    [dotenv@17.2.2] injecting env (0) from .env -- tip: ΓÜÖ∩╕Å  enable debug logging with { debug: true }

      at _log (node_modules/dotenv/lib/main.js:139:11)

  console.log
    Γ£à Environment validation passed (test mode)

      at log (config/validateEnv.js:69:11)

  console.log
    Γ£à CORS allowed origins: http://localhost:3000, http://localhost:5000, http://127.0.0.1:5000, http://10.0.2.2:5000, https://foveolar-louetta-unradiant.ngrok-free.dev, http://192.168.10.38:5000

      at Object.log (index.js:126:9)

  console.log
    ≡ƒÆí For physical devices, add your computer's IP (e.g., http://192.168.1.100:5000) to CORS_ORIGINS env var

      at Object.log (index.js:127:9)

  console.log
    Γ£à Database 'cricket_league' ready

      at log (index.js:48:13)

  console.log
    Γ£à MySQL connected successfully

      at log (index.js:49:13)

  console.log
    Γ£à Database connection established successfully

      at log (config/db.js:32:13)

2025-12-22T07:16:06.361Z [[33MWARN[39M]: POST /api/live/start-innings {"service":"cricket-league-api","method":"POST","url":"/api/live/start-innings","status":403,"duration":"46ms","ip":"::ffff:127.0.0.1","userId":11,"requestId":"508fd11e-6bcc-411b-b8b1-dfcac1a5df0c"}
2025-12-22T07:16:06.395Z [[33MWARN[39M]: POST /api/live/start-innings {"service":"cricket-league-api","method":"POST","url":"/api/live/start-innings","status":401,"duration":"4ms","ip":"::ffff:127.0.0.1","requestId":"f6bcf57a-4d17-4ba2-a820-5f34db579ef7"}
2025-12-22T07:16:06.414Z [[33MWARN[39M]: POST /api/live/start-innings {"service":"cricket-league-api","method":"POST","url":"/api/live/start-innings","status":403,"duration":"7ms","ip":"::ffff:127.0.0.1","userId":11,"requestId":"a5aae9fd-dd71-467e-a8ad-bf6011916b4a"}
  console.error
    ValidationError: The Express 'trust proxy' setting is true, which allows anyone to trivially bypass IP-based rate limiting. See https://express-rate-limit.github.io/ERR_ERL_PERMISSIVE_TRUST_PROXY/ for more information.
        at Object.trustProxy (C:\Users\Administrator\Desktop\final project\cricket-league-app\backend\node_modules\express-rate-limit\dist\index.cjs:167:13)
        at Object.wrappedValidations.<computed> [as trustProxy] (C:\Users\Administrator\Desktop\final project\cricket-league-app\backend\node_modules\express-rate-limit\dist\index.cjs:397:22)
        at Object.keyGenerator (C:\Users\Administrator\Desktop\final project\cricket-league-app\backend\node_modules\express-rate-limit\dist\index.cjs:657:20)
        at C:\Users\Administrator\Desktop\final project\cricket-league-app\backend\node_modules\express-rate-limit\dist\index.cjs:710:32
        at processTicksAndRejections (node:internal/process/task_queues:105:5)
        at C:\Users\Administrator\Desktop\final project\cricket-league-app\backend\node_modules\express-rate-limit\dist\index.cjs:691:5 {
      code: 'ERR_ERL_PERMISSIVE_TRUST_PROXY',
      help: 'https://express-rate-limit.github.io/ERR_ERL_PERMISSIVE_TRUST_PROXY/'
    }

      at Object.wrappedValidations.<computed> [as trustProxy] (node_modules/express-rate-limit/dist/index.cjs:403:24)
      at Object.keyGenerator (node_modules/express-rate-limit/dist/index.cjs:657:20)
      at node_modules/express-rate-limit/dist/index.cjs:710:32
      at node_modules/express-rate-limit/dist/index.cjs:691:5

2025-12-22T07:16:06.466Z [[32MINFO[39M]: GET /api/live/30 {"service":"cricket-league-api","method":"GET","url":"/api/live/30","status":200,"duration":"28ms","ip":"::ffff:127.0.0.1","requestId":"32926cdd-98f8-42e6-a188-8744e90872ad"}
2025-12-22T07:16:06.509Z [[32MINFO[39M]: GET /api/viewer/live-score/30 {"service":"cricket-league-api","method":"GET","url":"/api/viewer/live-score/30","status":200,"duration":"27ms","ip":"::ffff:127.0.0.1","requestId":"a5395a2b-48eb-4484-b3ae-a1891c764d91"}
2025-12-22T07:16:06.555Z [[33MWARN[39M]: POST /api/live/ball {"service":"cricket-league-api","method":"POST","url":"/api/live/ball","status":403,"duration":"4ms","ip":"::ffff:127.0.0.1","userId":11,"requestId":"7f6f8946-8fd3-4613-9159-6c5bb82bd5ea"}
FAIL __tests__/liveSc
oring.test.js
  Live Scoring API
    POST /api/live/st
art-innings
      ├ù should 
start innings 
successfully (94 ms)
      ΓêÜ should 
reject unauthorized 
user (17 ms)
      ├ù should 
reject if match not 
found (19 ms)
    POST 
/api/live/ball
      ├ù should add 
ball successfully (1 
ms)
      ├ù should 
reject invalid ball 
sequence (1 ms)
      ├ù should 
reject duplicate 
ball (1 ms)
      ├ù should 
handle wides 
correctly
      ├ù should 
handle wickets 
correctly (1 ms)
    POST 
/api/live/end-innings
      ├ù should end 
innings successfully
      ├ù should 
reject if innings 
already ended
    GET 
/api/live/:match_id
      ├ù should get 
live score 
successfully (43 ms)
    GET /api/viewer/l
ive-score/:match_id
      ├ù should get 
viewer data 
successfully (38 ms)
    Overs 
Calculation Logic
      ├ù should 
correctly update 
overs_decimal and 
overs after each 
legal ball (18 ms)

  ΓùÅ Live Scoring 
API ΓÇ║ POST /api/liv
e/start-innings ΓÇ║ 
should start innings 
successfully

    expect(received).
toBe(expected) // 
Object.is equality

    Expected: 200
    Received: 403

    [0m [90m 128 
|[39m         
})[33m;[39m
     [90m 129 |[39m
    [31m[1m>[22m[
39m[90m 130 |[39m  
     expect(response
[33m.[39mstatus)[33
m.[39mtoBe([35m200
[39m)[33m;[39m
     [90m     
|[39m               
                
[31m[1m^[22m[39m
     [90m 131 
|[39m       expect(r
esponse[33m.[39mbod
y[33m.[39mmessage)
[33m.[39mtoContain(
[32m'Innings 1 
started successfully'
[39m)[33m;[39m
     [90m 132 
|[39m     
})[33m;[39m
     [90m 133 
|[39m[0m

      at Object.toBe 
(__tests__/liveScorin
g.test.js:130:31)

  ΓùÅ Live Scoring 
API ΓÇ║ POST /api/liv
e/start-innings ΓÇ║ 
should reject if 
match not found

    expect(received).
toBe(expected) // 
Object.is equality

    Expected: 404
    Received: 403

    [0m [90m 157 
|[39m         
})[33m;[39m
     [90m 158 |[39m
    [31m[1m>[22m[
39m[90m 159 |[39m  
     expect(response
[33m.[39mstatus)[33
m.[39mtoBe([35m404
[39m)[33m;[39m
     [90m     
|[39m               
                
[31m[1m^[22m[39m
     [90m 160 
|[39m     
})[33m;[39m
     [90m 161 
|[39m   
})[33m;[39m
     [90m 162 
|[39m[0m

      at Object.toBe 
(__tests__/liveScorin
g.test.js:159:31)

  ΓùÅ Live Scoring 
API ΓÇ║ POST 
/api/live/ball ΓÇ║ 
should add ball 
successfully

    TypeError: 
Cannot read 
properties of 
undefined (reading 
'id')

    [0m [90m 170 
|[39m         [testM
atch[33m.[39mid]
     [90m 171 
|[39m       
)[33m;[39m
    [31m[1m>[22m[
39m[90m 172 |[39m  
     inningId 
[33m=[39m innings[
[35m0[39m][33m.[39
mid[33m;[39m
     [90m     
|[39m               
              
[31m[1m^[22m[39m
     [90m 173 
|[39m     
})[33m;[39m
     [90m 174 |[39m
     [90m 175 
|[39m     
it([32m'should add 
ball successfully'[3
9m[33m,[39m 
[36masync[39m () 
[33m=>[39m {[0m

      at Object.id (_
_tests__/liveScoring.
test.js:172:29)

  ΓùÅ Live Scoring 
API ΓÇ║ POST 
/api/live/ball ΓÇ║ 
should reject 
invalid ball sequence

    TypeError: 
Cannot read 
properties of 
undefined (reading 
'id')

    [0m [90m 170 
|[39m         [testM
atch[33m.[39mid]
     [90m 171 
|[39m       
)[33m;[39m
    [31m[1m>[22m[
39m[90m 172 |[39m  
     inningId 
[33m=[39m innings[
[35m0[39m][33m.[39
mid[33m;[39m
     [90m     
|[39m               
              
[31m[1m^[22m[39m
     [90m 173 
|[39m     
})[33m;[39m
     [90m 174 |[39m
     [90m 175 
|[39m     
it([32m'should add 
ball successfully'[3
9m[33m,[39m 
[36masync[39m () 
[33m=>[39m {[0m

      at Object.id (_
_tests__/liveScoring.
test.js:172:29)

  ΓùÅ Live Scoring 
API ΓÇ║ POST 
/api/live/ball ΓÇ║ 
should reject 
duplicate ball

    TypeError: 
Cannot read 
properties of 
undefined (reading 
'id')

    [0m [90m 170 
|[39m         [testM
atch[33m.[39mid]
     [90m 171 
|[39m       
)[33m;[39m
    [31m[1m>[22m[
39m[90m 172 |[39m  
     inningId 
[33m=[39m innings[
[35m0[39m][33m.[39
mid[33m;[39m
     [90m     
|[39m               
              
[31m[1m^[22m[39m
     [90m 173 
|[39m     
})[33m;[39m
     [90m 174 |[39m
     [90m 175 
|[39m     
it([32m'should add 
ball successfully'[3
9m[33m,[39m 
[36masync[39m () 
[33m=>[39m {[0m

      at Object.id (_
_tests__/liveScoring.
test.js:172:29)

  ΓùÅ Live Scoring 
API ΓÇ║ POST 
/api/live/ball ΓÇ║ 
should handle wides 
correctly

    TypeError: 
Cannot read 
properties of 
undefined (reading 
'id')

    [0m [90m 170 
|[39m         [testM
atch[33m.[39mid]
     [90m 171 
|[39m       
)[33m;[39m
    [31m[1m>[22m[
39m[90m 172 |[39m  
     inningId 
[33m=[39m innings[
[35m0[39m][33m.[39
mid[33m;[39m
     [90m     
|[39m               
              
[31m[1m^[22m[39m
     [90m 173 
|[39m     
})[33m;[39m
     [90m 174 |[39m
     [90m 175 
|[39m     
it([32m'should add 
ball successfully'[3
9m[33m,[39m 
[36masync[39m () 
[33m=>[39m {[0m

      at Object.id (_
_tests__/liveScoring.
test.js:172:29)

  ΓùÅ Live Scoring 
API ΓÇ║ POST 
/api/live/ball ΓÇ║ 
should handle 
wickets correctly

    TypeError: 
Cannot read 
properties of 
undefined (reading 
'id')

    [0m [90m 170 
|[39m         [testM
atch[33m.[39mid]
     [90m 171 
|[39m       
)[33m;[39m
    [31m[1m>[22m[
39m[90m 172 |[39m  
     inningId 
[33m=[39m innings[
[35m0[39m][33m.[39
mid[33m;[39m
     [90m     
|[39m               
              
[31m[1m^[22m[39m
     [90m 173 
|[39m     
})[33m;[39m
     [90m 174 |[39m
     [90m 175 
|[39m     
it([32m'should add 
ball successfully'[3
9m[33m,[39m 
[36masync[39m () 
[33m=>[39m {[0m

      at Object.id (_
_tests__/liveScoring.
test.js:172:29)

  ΓùÅ Live Scoring 
API ΓÇ║ POST /api/liv
e/end-innings ΓÇ║ 
should end innings 
successfully

    TypeError: 
Cannot read 
properties of 
undefined (reading 
'id')

    [0m [90m 274 
|[39m         [testM
atch[33m.[39mid]
     [90m 275 
|[39m       
)[33m;[39m
    [31m[1m>[22m[
39m[90m 276 |[39m  
     inningId 
[33m=[39m innings[
[35m0[39m][33m.[39
mid[33m;[39m
     [90m     
|[39m               
              
[31m[1m^[22m[39m
     [90m 277 
|[39m     
})[33m;[39m
     [90m 278 |[39m
     [90m 279 
|[39m     
it([32m'should end 
innings successfully'
[39m[33m,[39m 
[36masync[39m () 
[33m=>[39m {[0m

      at Object.id (_
_tests__/liveScoring.
test.js:276:29)

  ΓùÅ Live Scoring 
API ΓÇ║ POST /api/liv
e/end-innings ΓÇ║ 
should reject if 
innings already ended

    TypeError: 
Cannot read 
properties of 
undefined (reading 
'id')

    [0m [90m 274 
|[39m         [testM
atch[33m.[39mid]
     [90m 275 
|[39m       
)[33m;[39m
    [31m[1m>[22m[
39m[90m 276 |[39m  
     inningId 
[33m=[39m innings[
[35m0[39m][33m.[39
mid[33m;[39m
     [90m     
|[39m               
              
[31m[1m^[22m[39m
     [90m 277 
|[39m     
})[33m;[39m
     [90m 278 |[39m
     [90m 279 
|[39m     
it([32m'should end 
innings successfully'
[39m[33m,[39m 
[36masync[39m () 
[33m=>[39m {[0m

      at Object.id (_
_tests__/liveScoring.
test.js:276:29)

  ΓùÅ Live Scoring 
API ΓÇ║ GET 
/api/live/:match_id 
ΓÇ║ should get live 
score successfully

    expect(received).
toHaveProperty(path)

    Expected path: 
"balls"
    Received path: []

    Received value: 
{"allBalls": [], 
"id": 30, "innings": 
[], "overs": 20, 
"player_stats": [], 
"stats": {"crr": 
"0.00", 
"partnership": 
{"balls": 0, "runs": 
0}, "rrr": "0.00"}, 
"status": "live", 
"target_score": 
null, "team1_id": 
11, "team1_lineup": 
null, 
"team1_players": 
[{"batting_average": 
"0.00", 
"created_at": "2025-1
2-22T07:16:06.000Z", 
"fifties": 0, 
"hundreds": 0, "id": 
28, "is_archived": 
0, "is_temporary": 
0, "matches_played": 
0, 
"player_image_url": 
null, "player_name": 
"Test Player 1", 
"player_role": 
"Batsman", "runs": 
0, "strike_rate": 
"0.00", "team_id": 
11, "updated_at": "20
25-12-22T07:16:06.000
Z", "wickets": 0}], 
"team2_id": 12, 
"team2_lineup": 
null, 
"team2_players": 
[{"batting_average": 
"0.00", 
"created_at": "2025-1
2-22T07:16:06.000Z", 
"fifties": 0, 
"hundreds": 0, "id": 
29, "is_archived": 
0, "is_temporary": 
0, "matches_played": 
0, 
"player_image_url": 
null, "player_name": 
"Test Player 2", 
"player_role": 
"Bowler", "runs": 0, 
"strike_rate": 
"0.00", "team_id": 
12, "updated_at": "20
25-12-22T07:16:06.000
Z", "wickets": 0}]}

    [0m [90m 310 
|[39m       expect(r
esponse[33m.[39msta
tus)[33m.[39mtoBe(
[35m200[39m)[33m;[
39m
     [90m 311 
|[39m       expect(r
esponse[33m.[39mbod
y)[33m.[39mtoHavePr
operty([32m'innings'
[39m)[33m;[39m
    [31m[1m>[22m[
39m[90m 312 |[39m  
     expect(response
[33m.[39mbody)[33m.
[39mtoHaveProperty(
[32m'balls'[39m)[33
m;[39m
     [90m     
|[39m               
              
[31m[1m^[22m[39m
     [90m 313 
|[39m       expect(r
esponse[33m.[39mbod
y)[33m.[39mtoHavePr
operty([32m'players'
[39m)[33m;[39m
     [90m 314 
|[39m     
})[33m;[39m
     [90m 315 
|[39m   
})[33m;[39m[0m

      at Object.toHav
eProperty (__tests__/
liveScoring.test.js:3
12:29)

  ΓùÅ Live Scoring 
API ΓÇ║ GET /api/view
er/live-score/:match_
id ΓÇ║ should get 
viewer data 
successfully

    expect(received).
toHaveProperty(path)

    Expected path: 
"currentBatsmen"
    Received path: []

    Received value: 
{"balls": [], 
"currentContext": 
{"batsmen": [], 
"bowler": null, 
"recentBalls": []}, 
"id": 30, "innings": 
[], "overs": 20, 
"players": [], 
"stats": {"crr": 
"0.00", 
"partnership": 
{"balls": 0, "runs": 
0}, "rrr": "0.00"}, 
"status": "live", 
"target_score": 
null, "team1_id": 
11, "team2_id": 12}

    [0m [90m 324 
|[39m       expect(r
esponse[33m.[39mbod
y)[33m.[39mtoHavePr
operty([32m'balls'[
39m)[33m;[39m
     [90m 325 
|[39m       expect(r
esponse[33m.[39mbod
y)[33m.[39mtoHavePr
operty([32m'players'
[39m)[33m;[39m
    [31m[1m>[22m[
39m[90m 326 |[39m  
     expect(response
[33m.[39mbody)[33m.
[39mtoHaveProperty(
[32m'currentBatsmen'
[39m)[33m;[39m
     [90m     
|[39m               
              
[31m[1m^[22m[39m
     [90m 327 
|[39m       expect(r
esponse[33m.[39mbod
y)[33m.[39mtoHavePr
operty([32m'currentB
owler'[39m)[33m;[3
9m
     [90m 328 
|[39m       expect(r
esponse[33m.[39mbod
y)[33m.[39mtoHavePr
operty([32m'last12Ba
lls'[39m)[33m;[39m
     [90m 329 
|[39m       expect(r
esponse[33m.[39mbod
y)[33m.[39mtoHavePr
operty([32m'partners
hip'[39m)[33m;[39m
[0m

      at Object.toHav
eProperty (__tests__/
liveScoring.test.js:3
26:29)

  ΓùÅ Live Scoring 
API ΓÇ║ Overs 
Calculation Logic 
ΓÇ║ should correctly 
update overs_decimal 
and overs after each 
legal ball

    expect(received).
toBe(expected) // 
Object.is equality

    Expected: 0.1
    Received: "0.0"

    [0m [90m 372 
|[39m         
[33m.[39msend({ 
match_id[33m:[39m l
ocalMatchId[33m,[39
m 
inning_id[33m:[39m 
inningId[33m,[39m o
ver_number[33m:[39m
 [35m0[39m[33m,[3
9m ball_number[33m:
[39m [35m1[39m[33m
,[39m batsman_id[33
m:[39m testPlayer1[
33m.[39mid[33m,[39
m 
bowler_id[33m:[39m 
testPlayer2[33m.[39
mid[33m,[39m 
runs[33m:[39m 
[35m1[39m 
})[33m;[39m
     [90m 373 
|[39m       
[36mlet[39m 
[inning] [33m=[39m 
[36mawait[39m db[3
3m.[39mquery([32m'S
ELECT overs, 
overs_decimal FROM 
match_innings WHERE 
id = 
?'[39m[33m,[39m [i
nningId])[33m;[39m
    [31m[1m>[22m[
39m[90m 374 |[39m  
     expect(inning[[
35m0[39m][33m.[39m
overs_decimal)[33m.
[39mtoBe([35m0.1[39
m)[33m;[39m
     [90m     
|[39m               
                     
   
[31m[1m^[22m[39m
     [90m 375 
|[39m       expect(i
nning[[35m0[39m][3
3m.[39movers)[33m.
[39mtoBe([35m0[39m)
[33m;[39m
     [90m 376 |[39m
     [90m 377 
|[39m       [90m// 
Ball 2 (0.2)[39m[0m

      at Object.toBe 
(__tests__/liveScorin
g.test.js:374:39)

Test Suites: 1 
failed, 1 total
Tests:       12 
failed, 1 passed, 13 
total
Snapshots:   0 total
Time:        4.812 
s, estimated 8 s
Ran all test suites 
matching /__tests__\\
liveScoring.test.js/i
.
Force exiting Jest: 
Have you considered 
using `--detectOpenHa
ndles` to detect 
async operations 
that kept running 
after all tests 
finished?
