--- Starting Test: Add Player Fix (using fetch) ---
Registering User 1...
User 1 Registered.
Creating Team 1...
Team 1 Created (ID: 68).
Registering User 2...
User 2 Registered.
Creating Team 2...
Team 2 Created (ID: 69).
User 1 attempting to add player to Team 2 (Should Fail)...
✅ SUCCESS: User 1 blocked from adding to Team 2 (403 Forbidden).
User 1 adding player to Team 1 explicitly...
✅ SUCCESS: Player added to Team 1 explicitly.
User 1 adding player without team_id...
✅ SUCCESS: Player added to Team 1 by default.
--- Test Completed ---
